// Vitest Snapshot v1, https://vitest.dev/guide/snapshot.html

exports[`Dropdown Control > should render a select control 1`] = `
"<div style=\\"left: 704px; top: 10px;\\" class=\\"tl-absolute tl-select-none tl-z-24 tl-w-280px tl-font-sans tl-text-xs\\">
  <div tabindex=\\"0\\" class=\\"tl-shadow-xl tl-rounded tl-border-4 tl-border-solid tl-bg-primary tl-border-primary tl-overflow-hidden tl-w-full tl-h-full tl-flex tl-flex-col tl-justify-between\\">
    <header class=\\"tl-relative tl-p-4 tl-flex tl-justify-between tl-items-center tl-text-gray-200\\"><i class=\\"tl-cta-icon tl-bg-secondary\\">🍰</i>
      <div class=\\"tl-cursor-grabbing\\"><i class=\\"i-ic-baseline-drag-indicator tl-text-primary\\"></i><i class=\\"i-ic-baseline-drag-indicator tl-text-primary\\"></i><i class=\\"i-ic-baseline-drag-indicator tl-text-primary\\"></i></div>
      <div class=\\"actions\\"><i class=\\"tl-text-sm tl-text-primary hover:tl-text-secondary tl-cursor-pointer i-carbon-moon\\"></i></div>
    </header>
    <!--v-if-->
    <div class=\\"tl-flex tl-px-4 tl-justify-between tl-gap-4 tl-items-center tl-mb-2 tl-min-h-32px\\"><label for=\\"game\\" title=\\"Games\\" class=\\"tl-text-secondary tl-w-1/3 tl-truncate\\">Games</label><select id=\\"game\\" class=\\"tl-bg-secondary tl-text-primary tl-p-2 tl-w-2/3 tl-rounded tl-text-left tl-text-xs focus:tl-border-gray-200 tl-outline-none tl-border-none tl-font-sans\\">
        <option value=\\"crash-bandicoot\\">Crash Bandicoot</option>
        <option value=\\"spyro-the-dragon\\">Spyro The Dragon</option>
        <option value=\\"metal-gear-solid\\">Metal Gear Solid</option>
      </select></div>
  </div>
</div>"
`;
