// Vitest Snapshot v1, https://vitest.dev/guide/snapshot.html

exports[`Text Control > should render a text control 1`] = `
"<div style=\\"left: 704px; top: 10px;\\" class=\\"tl-absolute tl-select-none tl-z-24 tl-w-280px tl-font-sans tl-text-xs\\">
  <div tabindex=\\"0\\" class=\\"tl-shadow-xl tl-rounded tl-border-4 tl-border-solid tl-bg-primary tl-border-primary tl-overflow-hidden tl-w-full tl-h-full tl-flex tl-flex-col tl-justify-between\\">
    <header class=\\"tl-relative tl-cursor-grabbing tl-p-4 tl-flex tl-justify-evenly tl-text-gray-200\\"><i class=\\"tl-cta-icon tl-bg-secondary\\">🍰</i>
      <div><i class=\\"i-ic-baseline-drag-indicator tl-bg-secondary\\"></i><i class=\\"i-ic-baseline-drag-indicator tl-bg-secondary\\"></i><i class=\\"i-ic-baseline-drag-indicator tl-bg-secondary\\"></i></div><i class=\\"tl-cta-icon tl-bg-secondary\\">🌙</i>
    </header>
    <!--v-if-->
    <div class=\\"tl-flex tl-px-4 tl-justify-between tl-gap-4 tl-items-center tl-mb-2 tl-min-h-32px\\"><label for=\\"textValue\\" title=\\"textValue\\" class=\\"tl-text-secondary tl-w-1/3 tl-truncate\\">textValue</label><input id=\\"textValue\\" type=\\"text\\" tabindex=\\"0\\" class=\\"tl-bg-secondary tl-text-primary tl-p-2 tl-w-2/3 tl-rounded tl-text-right tl-text-xs focus:tl-border-gray-200 placeholder:tl-text-gray-300 placeholder:dark:tl-text-gray-400 tl-border-none tl-font-sans\\" aria-label=\\"textValue\\" placeholder=\\"Enter value here...\\"></div>
  </div>
</div>"
`;
