// Vitest Snapshot v1, https://vitest.dev/guide/snapshot.html

exports[`TresLeches > should mount 1`] = `
"<div style=\\"left: 704px; top: 10px;\\" id=\\"test\\" class=\\"tl-absolute tl-select-none tl-z-24 tl-w-280px tl-font-sans tl-text-xs\\">
  <div tabindex=\\"0\\" class=\\"tl-shadow-xl tl-rounded tl-border-4 tl-border-solid tl-bg-primary tl-border-primary tl-overflow-hidden tl-w-full tl-h-full tl-flex tl-flex-col tl-justify-between\\">
    <header class=\\"tl-relative tl-cursor-grabbing tl-p-4 tl-flex tl-justify-evenly tl-text-gray-200\\"><i class=\\"tl-cta-icon tl-bg-secondary\\">🍰</i>
      <div><i class=\\"i-ic-baseline-drag-indicator tl-bg-secondary\\"></i><i class=\\"i-ic-baseline-drag-indicator tl-bg-secondary\\"></i><i class=\\"i-ic-baseline-drag-indicator tl-bg-secondary\\"></i></div><i class=\\"tl-cta-icon tl-bg-secondary\\">🌙</i>
    </header>
  </div>
</div>"
`;
