// Vitest Snapshot v1, https://vitest.dev/guide/snapshot.html

exports[`TresLeches > should mount 1`] = `
"<div style=\\"left: 704px; top: 10px;\\" id=\\"test\\" class=\\"tl-absolute tl-select-none tl-z-24 tl-w-280px tl-font-sans tl-text-xs\\">
  <div tabindex=\\"0\\" class=\\"tl-shadow-xl tl-rounded tl-border-4 tl-border-solid tl-bg-primary tl-border-primary tl-overflow-hidden tl-w-full tl-h-full tl-flex tl-flex-col tl-justify-between\\">
    <header class=\\"tl-relative tl-p-4 tl-flex tl-justify-between tl-items-center tl-text-gray-200\\"><i class=\\"tl-cta-icon tl-bg-secondary\\">🍰</i>
      <div class=\\"tl-cursor-grabbing\\"><i class=\\"i-ic-baseline-drag-indicator tl-text-primary\\"></i><i class=\\"i-ic-baseline-drag-indicator tl-text-primary\\"></i><i class=\\"i-ic-baseline-drag-indicator tl-text-primary\\"></i></div>
      <div class=\\"actions\\"><i class=\\"tl-text-sm tl-text-primary hover:tl-text-secondary tl-cursor-pointer i-carbon-moon\\"></i></div>
    </header>
  </div>
</div>"
`;
