// Vitest Snapshot v1, https://vitest.dev/guide/snapshot.html

exports[`Vector Control > should render multiple numeric inputs 1`] = `
"<div style=\\"left: 704px; top: 10px;\\" class=\\"tl-absolute tl-select-none tl-z-24 tl-w-280px tl-font-sans tl-text-xs\\">
  <div tabindex=\\"0\\" class=\\"tl-shadow-xl tl-rounded tl-border-4 tl-border-solid tl-bg-primary tl-border-primary tl-overflow-hidden tl-w-full tl-h-full tl-flex tl-flex-col tl-justify-between\\">
    <header class=\\"tl-relative tl-cursor-grabbing tl-p-4 tl-flex tl-justify-evenly tl-text-gray-200\\"><i class=\\"tl-cta-icon tl-bg-secondary\\">🍰</i>
      <div><i class=\\"i-ic-baseline-drag-indicator tl-bg-secondary\\"></i><i class=\\"i-ic-baseline-drag-indicator tl-bg-secondary\\"></i><i class=\\"i-ic-baseline-drag-indicator tl-bg-secondary\\"></i></div><i class=\\"tl-cta-icon tl-bg-secondary\\">🌙</i>
    </header>
    <!--v-if-->
    <div class=\\"tl-flex tl-px-4 tl-justify-between tl-gap-1 tl-items-center tl-mb-2\\"><label for=\\"position\\" title=\\"position\\" class=\\"tl-text-secondary tl-w-1/3 tl-truncate\\">position</label>
      <div class=\\"tl-relative tl-w-2/3 tl-flex tl-justify-between tl-gap-0.5\\">
        <div class=\\"tl-bg-secondary tl-flex tl-items-center tl-rounded tl-w-1/3 tl-w-1/2\\"><span class=\\"tl-font-bold tl-px-1 tl-py-1 tl-text-0.65rem tl-text-gray-300 dark:tl-text-gray-400\\">x</span><input id=\\"position-x\\" type=\\"number\\" step=\\"1\\" class=\\"tl-w-full tl-px-0 tl-p-1 tl-text-right tl-text-0.65rem tl-text-primary tl-bg-transparent focus:tl-border-gray-200 tl-outline-none tl-border-none tl-font-sans tl-appearence-none\\"></div>
        <div class=\\"tl-bg-secondary tl-flex tl-items-center tl-rounded tl-w-1/3 tl-w-1/2\\"><span class=\\"tl-font-bold tl-px-1 tl-py-1 tl-text-0.65rem tl-text-gray-300 dark:tl-text-gray-400\\">y</span><input id=\\"position-y\\" type=\\"number\\" step=\\"1\\" class=\\"tl-w-full tl-px-0 tl-p-1 tl-text-right tl-text-0.65rem tl-text-primary tl-bg-transparent focus:tl-border-gray-200 tl-outline-none tl-border-none tl-font-sans tl-appearence-none\\"></div>
        <div class=\\"tl-bg-secondary tl-flex tl-items-center tl-rounded tl-w-1/3 tl-w-1/2\\"><span class=\\"tl-font-bold tl-px-1 tl-py-1 tl-text-0.65rem tl-text-gray-300 dark:tl-text-gray-400\\">z</span><input id=\\"position-z\\" type=\\"number\\" step=\\"1\\" class=\\"tl-w-full tl-px-0 tl-p-1 tl-text-right tl-text-0.65rem tl-text-primary tl-bg-transparent focus:tl-border-gray-200 tl-outline-none tl-border-none tl-font-sans tl-appearence-none\\"></div>
      </div>
    </div>
  </div>
</div>"
`;
